// Jest Snapshot v1, https://goo.gl/fbAQLP

exports[` testing components testing landing page 1`] = `
Object {
  "asFragment": [Function],
  "baseElement": <body>
    <div>
      <section
        class="w-full pt-20 relative h-screen bg-gradient-to-r from-gray-800 to-gray-900 text-white"
      >
        <img
          alt="home-minimalist-bg"
          class="w-full h-screen top-0 object-cover absolute mix-blend-overlay"
          src="landing.webp"
        />
        <h1
          class="text-4xl mt-28 mx-10 text-red-400"
        >
          Welcome to Our Page!
        </h1>
        <p
          class="text-base my-8 mx-10"
        >
          Lorem ipsum dolor sit amet consectetur adipisicing elit. Eaque rerum atque optio quaerat consequuntur a facere quasi modi neque maiores veniam et accusamus, porro ducimus exercitationem dignissimos tempora dolore unde perspiciatis non pariatur quia consectetur, velit laudantium. Ut, placeat vero! Aut, natus omnis. Amet, magni? Soluta enim nulla necessitatibus quisquam nam quis, consequatur velit laudantium libero ad alias fuga deserunt amet provident quae ea beatae.
        </p>
        <p
          class="text-base my-5 mx-10"
        >
          Lorem ipsum dolor sit amet consectetur adipisicing elit. Eaque rerum atque optio quaerat consequuntur a facere quasi modi neque maiores veniam et accusamus, porro ducimus exercitationem dignissimos tempora dolore unde perspiciatis non pariatur quia consectetur, velit laudantium. Ut, placeat vero! Aut, natus omnis. Amet, magni? Soluta enim nulla necessitatibus quisquam nam quis, consequatur velit laudantium libero ad alias fuga deserunt amet provident quae ea beatae.
        </p>
      </section>
    </div>
  </body>,
  "container": <div>
    <section
      class="w-full pt-20 relative h-screen bg-gradient-to-r from-gray-800 to-gray-900 text-white"
    >
      <img
        alt="home-minimalist-bg"
        class="w-full h-screen top-0 object-cover absolute mix-blend-overlay"
        src="landing.webp"
      />
      <h1
        class="text-4xl mt-28 mx-10 text-red-400"
      >
        Welcome to Our Page!
      </h1>
      <p
        class="text-base my-8 mx-10"
      >
        Lorem ipsum dolor sit amet consectetur adipisicing elit. Eaque rerum atque optio quaerat consequuntur a facere quasi modi neque maiores veniam et accusamus, porro ducimus exercitationem dignissimos tempora dolore unde perspiciatis non pariatur quia consectetur, velit laudantium. Ut, placeat vero! Aut, natus omnis. Amet, magni? Soluta enim nulla necessitatibus quisquam nam quis, consequatur velit laudantium libero ad alias fuga deserunt amet provident quae ea beatae.
      </p>
      <p
        class="text-base my-5 mx-10"
      >
        Lorem ipsum dolor sit amet consectetur adipisicing elit. Eaque rerum atque optio quaerat consequuntur a facere quasi modi neque maiores veniam et accusamus, porro ducimus exercitationem dignissimos tempora dolore unde perspiciatis non pariatur quia consectetur, velit laudantium. Ut, placeat vero! Aut, natus omnis. Amet, magni? Soluta enim nulla necessitatibus quisquam nam quis, consequatur velit laudantium libero ad alias fuga deserunt amet provident quae ea beatae.
      </p>
    </section>
  </div>,
  "debug": [Function],
  "findAllByAltText": [Function],
  "findAllByDisplayValue": [Function],
  "findAllByLabelText": [Function],
  "findAllByPlaceholderText": [Function],
  "findAllByRole": [Function],
  "findAllByTestId": [Function],
  "findAllByText": [Function],
  "findAllByTitle": [Function],
  "findByAltText": [Function],
  "findByDisplayValue": [Function],
  "findByLabelText": [Function],
  "findByPlaceholderText": [Function],
  "findByRole": [Function],
  "findByTestId": [Function],
  "findByText": [Function],
  "findByTitle": [Function],
  "getAllByAltText": [Function],
  "getAllByDisplayValue": [Function],
  "getAllByLabelText": [Function],
  "getAllByPlaceholderText": [Function],
  "getAllByRole": [Function],
  "getAllByTestId": [Function],
  "getAllByText": [Function],
  "getAllByTitle": [Function],
  "getByAltText": [Function],
  "getByDisplayValue": [Function],
  "getByLabelText": [Function],
  "getByPlaceholderText": [Function],
  "getByRole": [Function],
  "getByTestId": [Function],
  "getByText": [Function],
  "getByTitle": [Function],
  "queryAllByAltText": [Function],
  "queryAllByDisplayValue": [Function],
  "queryAllByLabelText": [Function],
  "queryAllByPlaceholderText": [Function],
  "queryAllByRole": [Function],
  "queryAllByTestId": [Function],
  "queryAllByText": [Function],
  "queryAllByTitle": [Function],
  "queryByAltText": [Function],
  "queryByDisplayValue": [Function],
  "queryByLabelText": [Function],
  "queryByPlaceholderText": [Function],
  "queryByRole": [Function],
  "queryByTestId": [Function],
  "queryByText": [Function],
  "queryByTitle": [Function],
  "rerender": [Function],
  "unmount": [Function],
}
`;
